[    0.000000] Initializing cgroup subsys cpuset
[    0.000000] Initializing cgroup subsys cpu
[    0.000000] Initializing cgroup subsys cpuacct
[    0.000000] Linux version 4.4.0-210-generic (buildd@lgw01-amd64-009) (gcc version 5.4.0 20160609 (Ubuntu 5.4.0-6ubuntu1~16.04.12) ) #242-Ubuntu SMP Fri Apr 16 09:57:56 UTC 2021 (Ubuntu 4.4.0-210.242-generic 4.4.262)
[    0.000000] Command line: BOOT_IMAGE=/boot/vmlinuz-4.4.0-210-generic root=LABEL=cloudimg-rootfs ro console=tty1 console=ttyS0
[    0.000000] KERNEL supported cpus:
[    0.000000]   Intel GenuineIntel
[    0.000000]   AMD AuthenticAMD
[    0.000000]   Centaur CentaurHauls
[    0.000000] x86/fpu: Legacy x87 FPU detected.
[    0.000000] e820: BIOS-provided physical RAM map:
[    0.000000] BIOS-e820: [mem 0x0000000000000000-0x000000000009fbff] usable
[    0.000000] BIOS-e820: [mem 0x000000000009fc00-0x000000000009ffff] reserved
[    0.000000] BIOS-e820: [mem 0x00000000000f0000-0x00000000000fffff] reserved
[    0.000000] BIOS-e820: [mem 0x0000000000100000-0x000000003ffeffff] usable
[    0.000000] BIOS-e820: [mem 0x000000003fff0000-0x000000003fffffff] ACPI data
[    0.000000] BIOS-e820: [mem 0x00000000fec00000-0x00000000fec00fff] reserved
[    0.000000] BIOS-e820: [mem 0x00000000fee00000-0x00000000fee00fff] reserved
[    0.000000] BIOS-e820: [mem 0x00000000fffc0000-0x00000000ffffffff] reserved
[    0.000000] NX (Execute Disable) protection: active
[    0.000000] SMBIOS 2.5 present.
[    0.000000] Hypervisor detected: KVM
[    0.000000] Kernel/User page tables isolation: disabled
[    0.000000] e820: last_pfn = 0x3fff0 max_arch_pfn = 0x400000000
[    0.000000] MTRR: Disabled
[    0.000000] x86/PAT: MTRRs disabled, skipping PAT initialization too.
[    0.000000] CPU MTRRs all blank - virtualized system.
[    0.000000] x86/PAT: Configuration [0-7]: WB  WT  UC- UC  WB  WT  UC- UC  
[    0.000000] found SMP MP-table at [mem 0x0009fff0-0x0009ffff] mapped at [ffff88000009fff0]
[    0.000000] Scanning 1 areas for low memory corruption
[    0.000000] RAMDISK: [mem 0x362dc000-0x37165fff]
[    0.000000] ACPI: Early table checksum verification disabled
[    0.000000] ACPI: RSDP 0x00000000000E0000 000024 (v02 VBOX  )
[    0.000000] ACPI: XSDT 0x000000003FFF0030 00003C (v01 VBOX   VBOXXSDT 00000001 ASL  00000061)
[    0.000000] ACPI: FACP 0x000000003FFF00F0 0000F4 (v04 VBOX   VBOXFACP 00000001 ASL  00000061)
[    0.000000] ACPI: DSDT 0x000000003FFF0610 002353 (v02 VBOX   VBOXBIOS 00000002 INTL 20100528)
[    0.000000] ACPI: FACS 0x000000003FFF0200 000040
[    0.000000] ACPI: FACS 0x000000003FFF0200 000040
[    0.000000] ACPI: APIC 0x000000003FFF0240 00005C (v02 VBOX   VBOXAPIC 00000001 ASL  00000061)
[    0.000000] ACPI: SSDT 0x000000003FFF02A0 00036C (v01 VBOX   VBOXCPUT 00000002 INTL 20100528)
[    0.000000] No NUMA configuration found
[    0.000000] Faking a node at [mem 0x0000000000000000-0x000000003ffeffff]
[    0.000000] NODE_DATA(0) allocated [mem 0x3ffeb000-0x3ffeffff]
[    0.000000] kvm-clock: Using msrs 4b564d01 and 4b564d00
[    0.000000] kvm-clock: cpu 0, msr 0:3ffe3001, primary cpu clock
[    0.000000] kvm-clock: using sched offset of 4694311775 cycles
[    0.000000] clocksource: kvm-clock: mask: 0xffffffffffffffff max_cycles: 0x1cd42e4dffb, max_idle_ns: 881590591483 ns
[    0.000000] Zone ranges:
[    0.000000]   DMA      [mem 0x0000000000001000-0x0000000000ffffff]
[    0.000000]   DMA32    [mem 0x0000000001000000-0x000000003ffeffff]
[    0.000000]   Normal   empty
[    0.000000]   Device   empty
[    0.000000] Movable zone start for each node
[    0.000000] Early memory node ranges
[    0.000000]   node   0: [mem 0x0000000000001000-0x000000000009efff]
[    0.000000]   node   0: [mem 0x0000000000100000-0x000000003ffeffff]
[    0.000000] Initmem setup node 0 [mem 0x0000000000001000-0x000000003ffeffff]
[    0.000000] ACPI: PM-Timer IO Port: 0x4008
[    0.000000] IOAPIC[0]: apic_id 2, version 32, address 0xfec00000, GSI 0-23
[    0.000000] ACPI: INT_SRC_OVR (bus 0 bus_irq 0 global_irq 2 dfl dfl)
[    0.000000] ACPI: INT_SRC_OVR (bus 0 bus_irq 9 global_irq 9 low level)
[    0.000000] Using ACPI (MADT) for SMP configuration information
[    0.000000] smpboot: Allowing 2 CPUs, 0 hotplug CPUs
[    0.000000] PM: Registered nosave memory: [mem 0x00000000-0x00000fff]
[    0.000000] PM: Registered nosave memory: [mem 0x0009f000-0x0009ffff]
[    0.000000] PM: Registered nosave memory: [mem 0x000a0000-0x000effff]
[    0.000000] PM: Registered nosave memory: [mem 0x000f0000-0x000fffff]
[    0.000000] e820: [mem 0x40000000-0xfebfffff] available for PCI devices
[    0.000000] Booting paravirtualized kernel on KVM
[    0.000000] clocksource: refined-jiffies: mask: 0xffffffff max_cycles: 0xffffffff, max_idle_ns: 7645519600211568 ns
[    0.000000] setup_percpu: NR_CPUS:512 nr_cpumask_bits:512 nr_cpu_ids:2 nr_node_ids:1
[    0.000000] PERCPU: Embedded 33 pages/cpu @ffff88003fc00000 s95192 r8192 d31784 u1048576
[    0.000000] Built 1 zonelists in Node order, mobility grouping on.  Total pages: 257912
[    0.000000] Policy zone: DMA32
[    0.000000] Kernel command line: BOOT_IMAGE=/boot/vmlinuz-4.4.0-210-generic root=LABEL=cloudimg-rootfs ro console=tty1 console=ttyS0
[    0.000000] PID hash table entries: 4096 (order: 3, 32768 bytes)
[    0.000000] Memory: 997792K/1048120K available (8644K kernel code, 1332K rwdata, 4044K rodata, 1492K init, 1164K bss, 50328K reserved, 0K cma-reserved)
[    0.000000] SLUB: HWalign=64, Order=0-3, MinObjects=0, CPUs=2, Nodes=1
[    0.000000] Hierarchical RCU implementation.
[    0.000000] 	Build-time adjustment of leaf fanout to 64.
[    0.000000] 	RCU restricting CPUs from NR_CPUS=512 to nr_cpu_ids=2.
[    0.000000] RCU: Adjusting geometry for rcu_fanout_leaf=64, nr_cpu_ids=2
[    0.000000] NR_IRQS:33024 nr_irqs:440 16
[    0.000000] Console: colour VGA+ 80x25
[    0.000000] console [tty1] enabled
[    0.000000] console [ttyS0] enabled
[    0.000000] tsc: Detected 1094.399 MHz processor
[    1.009503] Calibrating delay loop (skipped) preset value.. 2188.79 BogoMIPS (lpj=4377596)
[    1.022714] pid_max: default: 32768 minimum: 301
[    1.029704] ACPI: Core revision 20150930
[    1.038099] ACPI: 2 ACPI AML tables successfully acquired and loaded
[    1.052527] Security Framework initialized
[    1.060408] Yama: becoming mindful.
[    1.069474] AppArmor: AppArmor initialized
[    1.079570] Dentry cache hash table entries: 131072 (order: 8, 1048576 bytes)
[    1.104215] Inode-cache hash table entries: 65536 (order: 7, 524288 bytes)
[    1.124694] Mount-cache hash table entries: 2048 (order: 2, 16384 bytes)
[    1.139068] Mountpoint-cache hash table entries: 2048 (order: 2, 16384 bytes)
[    1.157927] Initializing cgroup subsys io
[    1.168799] Initializing cgroup subsys memory
[    1.179066] Initializing cgroup subsys devices
[    1.187131] Initializing cgroup subsys freezer
[    1.195026] Initializing cgroup subsys net_cls
[    1.202483] Initializing cgroup subsys perf_event
[    1.214558] Initializing cgroup subsys net_prio
[    1.225772] Initializing cgroup subsys hugetlb
[    1.235256] Initializing cgroup subsys pids
[    1.255438] mce: CPU supports 0 MCE banks
[    1.264580] Last level iTLB entries: 4KB 0, 2MB 0, 4MB 0
[    1.276909] Last level dTLB entries: 4KB 0, 2MB 0, 4MB 0, 1GB 0
[    1.290594] Spectre V1 : Mitigation: usercopy/swapgs barriers and __user pointer sanitization
[    1.306580] Spectre V2 : Mitigation: Enhanced IBRS
[    1.317465] Spectre V2 : Spectre v2 / SpectreRSB mitigation: Filling RSB on context switch
[    1.335410] Speculative Store Bypass: Vulnerable
[    1.570170] Freeing SMP alternatives memory: 36K
[    1.832086] ftrace: allocating 32380 entries in 127 pages
[    4.585242] smpboot: APIC(0) Converting physical 0 to logical package 0
[    4.631839] smpboot: Max logical packages: 1
[    4.726611] ..TIMER: vector=0x30 apic1=0 pin1=2 apic2=-1 pin2=-1
[    4.861808] smpboot: CPU0: Intel(R) Pentium(R) Silver N5030 CPU @ 1.10GHz (family: 0x6, model: 0x7a, stepping: 0x8)
[    4.938538] Performance Events: unsupported p6 CPU model 122 no PMU driver, software events only.
[    5.695461] KVM setup paravirtual spinlock
[    5.739111] x86: Booting SMP configuration:
[    5.861059] .... node  #0, CPUs:      #1
[    6.027557] kvm-clock: cpu 1, msr 0:3ffe3041, secondary cpu clock
[    6.165110] mce: CPU supports 0 MCE banks
[    6.446097] TSC synchronization [CPU#0 -> CPU#1]:
[    6.514091] Measured 174485 cycles TSC warp between CPUs, turning off TSC clock.
[    6.562582] tsc: Marking TSC unstable due to check_tsc_sync_source failed
[    6.622570] x86: Booted up 1 node, 2 CPUs
[    6.657137] smpboot: Total of 2 processors activated (4377.59 BogoMIPS)
[    1.792243] devtmpfs: initialized
[    1.816288] evm: security.selinux
[    1.824015] evm: security.SMACK64
[    1.828006] evm: security.SMACK64EXEC
[    1.832011] evm: security.SMACK64TRANSMUTE
[    1.836026] evm: security.SMACK64MMAP
[    1.840005] evm: security.ima
[    1.844006] evm: security.capability
[    1.856489] clocksource: jiffies: mask: 0xffffffff max_cycles: 0xffffffff, max_idle_ns: 7645041785100000 ns
[    1.968038] futex hash table entries: 512 (order: 3, 32768 bytes)
[    1.976355] pinctrl core: initialized pinctrl subsystem
[    1.984493] RTC time: 10:14:54, date: 01/28/24
[    1.997030] NET: Registered protocol family 16
[    2.016015] cpuidle: using governor ladder
[    2.032014] cpuidle: using governor menu
[    2.036011] PCCT header not found.
[    2.040154] ACPI: bus type PCI registered
[    2.044007] acpiphp: ACPI Hot Plug PCI Controller Driver version: 0.5
[    2.052162] PCI: Using configuration type 1 for base access
[    2.128472] ACPI: Added _OSI(Module Device)
[    2.132016] ACPI: Added _OSI(Processor Device)
[    2.136015] ACPI: Added _OSI(3.0 _SCP Extensions)
[    2.140016] ACPI: Added _OSI(Processor Aggregator Device)
[    2.152073] ACPI: Executed 1 blocks of module-level executable AML code
[    2.173158] ACPI: Interpreter enabled
[    2.176045] ACPI: (supports S0 S5)
[    2.180014] ACPI: Using IOAPIC for interrupt routing
[    2.188760] PCI: Using host bridge windows from ACPI; if necessary, use "pci=nocrs" and report a bug
[    2.215293] ACPI: PCI Root Bridge [PCI0] (domain 0000 [bus 00-ff])
[    2.216038] acpi PNP0A03:00: _OSC: OS supports [ASPM ClockPM Segments MSI]
[    2.224942] acpi PNP0A03:00: _OSC: not requesting OS control; OS requires [ExtendedConfig ASPM ClockPM MSI]
[    2.228044] acpi PNP0A03:00: fail to add MMCONFIG information, can't access extended PCI configuration space under this bridge.
[    2.241997] PCI host bridge to bus 0000:00
[    2.244031] pci_bus 0000:00: root bus resource [io  0x0000-0x0cf7 window]
[    2.248133] pci_bus 0000:00: root bus resource [io  0x0d00-0xffff window]
[    2.252034] pci_bus 0000:00: root bus resource [mem 0x000a0000-0x000bffff window]
[    2.256070] pci_bus 0000:00: root bus resource [mem 0x40000000-0xfdffffff window]
[    2.260028] pci_bus 0000:00: root bus resource [bus 00-ff]
[    2.330553] pci 0000:00:01.1: legacy IDE quirk: reg 0x10: [io  0x01f0-0x01f7]
[    2.332025] pci 0000:00:01.1: legacy IDE quirk: reg 0x14: [io  0x03f6]
[    2.336020] pci 0000:00:01.1: legacy IDE quirk: reg 0x18: [io  0x0170-0x0177]
[    2.340019] pci 0000:00:01.1: legacy IDE quirk: reg 0x1c: [io  0x0376]
[    2.406338] pci 0000:00:07.0: quirk: [io  0x4000-0x403f] claimed by PIIX4 ACPI
[    2.408094] pci 0000:00:07.0: quirk: [io  0x4100-0x410f] claimed by PIIX4 SMB
[    2.442539] ACPI: PCI Interrupt Link [LNKA] (IRQs 5 9 10 *11)
[    2.452319] ACPI: PCI Interrupt Link [LNKB] (IRQs 5 9 *10 11)
[    2.472355] ACPI: PCI Interrupt Link [LNKC] (IRQs 5 *9 10 11)
[    2.488496] ACPI: PCI Interrupt Link [LNKD] (IRQs 5 9 10 *11)
[    2.504781] ACPI: Enabled 2 GPEs in block 00 to 07
[    2.512325] vgaarb: setting as boot device: PCI:0000:00:02.0
[    2.516000] vgaarb: device added: PCI:0000:00:02.0,decodes=io+mem,owns=io+mem,locks=none
[    2.516015] vgaarb: loaded
[    2.520013] vgaarb: bridge control possible 0000:00:02.0
[    2.529028] SCSI subsystem initialized
[    2.536495] ACPI: bus type USB registered
[    2.540075] usbcore: registered new interface driver usbfs
[    2.544151] usbcore: registered new interface driver hub
[    2.548048] usbcore: registered new device driver usb
[    2.556693] PCI: Using ACPI for IRQ routing
[    2.562133] NetLabel: Initializing
[    2.564015] NetLabel:  domain hash size = 128
[    2.568014] NetLabel:  protocols = UNLABELED CIPSOv4
[    2.572050] NetLabel:  unlabeled traffic allowed by default
[    2.576520] amd_nb: Cannot enumerate AMD northbridges
[    2.584134] clocksource: Switched to clocksource kvm-clock
[    2.613900] AppArmor: AppArmor Filesystem Enabled
[    2.613900] pnp: PnP ACPI init
[    2.613900] pnp: PnP ACPI: found 3 devices
[    2.798166] clocksource: acpi_pm: mask: 0xffffff max_cycles: 0xffffff, max_idle_ns: 2085701024 ns
[    2.801106] NET: Registered protocol family 2
[    2.825111] TCP established hash table entries: 8192 (order: 4, 65536 bytes)
[    2.828253] TCP bind hash table entries: 8192 (order: 5, 131072 bytes)
[    2.828253] TCP: Hash tables configured (established 8192 bind 8192)
[    2.828253] UDP hash table entries: 512 (order: 2, 16384 bytes)
[    2.828253] UDP-Lite hash table entries: 512 (order: 2, 16384 bytes)
[    2.828253] NET: Registered protocol family 1
[    2.828253] pci 0000:00:00.0: Limiting direct PCI/PCI transfers
[    2.828253] pci 0000:00:01.0: Activating ISA DMA hang workarounds
[    2.828253] Unpacking initramfs...
[    3.798521] Freeing initrd memory: 14888K
[    3.798521] clocksource: tsc: mask: 0xffffffffffffffff max_cycles: 0xfc66e667aa, max_idle_ns: 440795255680 ns
[    3.994766] platform rtc_cmos: registered platform RTC device (no PNP device found)
[    3.997292] Scanning for low memory corruption every 60 seconds
[    4.103014] audit: initializing netlink subsys (disabled)
[    4.135865] audit: type=2000 audit(1706436897.871:1): initialized
[    4.180895] Initialise system trusted keyring
[    4.218168] HugeTLB registered 2 MB page size, pre-allocated 0 pages
[    4.255917] zbud: loaded
[    4.274534] VFS: Disk quotas dquot_6.6.0
[    4.289138] VFS: Dquot-cache hash table entries: 512 (order 0, 4096 bytes)
[    4.292709] squashfs: version 4.0 (2009/01/31) Phillip Lougher
[    4.342946] fuse init (API version 7.23)
[    4.354031] Key type big_key registered
[    4.363613] Allocating IMA MOK and blacklist keyrings.
[    4.508245] Key type asymmetric registered
[    4.528063] Asymmetric key parser 'x509' registered
[    4.547348] Block layer SCSI generic (bsg) driver version 0.4 loaded (major 249)
[    4.582863] io scheduler noop registered
[    4.596987] io scheduler deadline registered (default)
[    4.600731] io scheduler cfq registered
[    4.600731] pci_hotplug: PCI Hot Plug PCI Core version: 0.5
[    4.600731] pciehp: PCI Express Hot Plug Controller Driver version: 0.4
[    4.600731] ACPI: AC Adapter [AC] (off-line)
[    4.600731] input: Power Button as /devices/LNXSYSTM:00/LNXPWRBN:00/input/input0
[    4.600731] ACPI: Power Button [PWRF]
[    4.600731] input: Sleep Button as /devices/LNXSYSTM:00/LNXSLPBN:00/input/input1
[    4.600731] ACPI: Sleep Button [SLPF]
[    4.779647] GHES: HEST is not enabled!
[    4.783062] ACPI: Battery Slot [BAT0] (battery present)
[    4.802207] Serial: 8250/16550 driver, 32 ports, IRQ sharing enabled
[    4.848296] 00:02: ttyS0 at I/O 0x3f8 (irq = 4, base_baud = 115200) is a 16550A
[    4.914543] Linux agpgart interface v0.103
[    4.993867] loop: module loaded
[    5.023862] scsi host0: ata_piix
[    5.037894] scsi host1: ata_piix
[    5.047614] ata1: PATA max UDMA/33 cmd 0x1f0 ctl 0x3f6 bmdma 0xd000 irq 14
[    5.065752] ata2: PATA max UDMA/33 cmd 0x170 ctl 0x376 bmdma 0xd008 irq 15
[    5.081863] libphy: Fixed MDIO Bus: probed
[    5.091530] tun: Universal TUN/TAP device driver, 1.6
[    5.103155] tun: (C) 1999-2004 Max Krasnyansky <maxk@qualcomm.com>
[    5.117817] PPP generic driver version 2.4.2
[    5.130215] ehci_hcd: USB 2.0 'Enhanced' Host Controller (EHCI) Driver
[    5.142856] ehci-pci: EHCI PCI platform driver
[    5.151325] ehci-platform: EHCI generic platform driver
[    5.161291] ohci_hcd: USB 1.1 'Open' Host Controller (OHCI) Driver
[    5.171973] ohci-pci: OHCI PCI platform driver
[    5.180183] ohci-platform: OHCI generic platform driver
[    5.190047] uhci_hcd: USB Universal Host Controller Interface driver
[    5.200796] i8042: PNP: PS/2 Controller [PNP0303:PS2K,PNP0f03:PS2M] at 0x60,0x64 irq 1,12
[    5.219677] serio: i8042 KBD port at 0x60,0x64 irq 1
[    5.229175] serio: i8042 AUX port at 0x60,0x64 irq 12
[    5.250782] mousedev: PS/2 mouse device common for all mice
[    5.309838] rtc_cmos rtc_cmos: rtc core: registered rtc_cmos as rtc0
[    5.388766] rtc_cmos rtc_cmos: alarms up to one day, 114 bytes nvram
[    5.418202] i2c /dev entries driver
[    5.454795] device-mapper: uevent: version 1.0.3
[    5.473454] device-mapper: ioctl: 4.34.0-ioctl (2015-10-28) initialised: dm-devel@redhat.com
[    5.542409] ledtrig-cpu: registered to indicate activity on CPUs
[    5.583015] NET: Registered protocol family 10
[    5.609694] NET: Registered protocol family 17
[    5.624359] Key type dns_resolver registered
[    5.637901] registered taskstats version 1
[    5.652580] Loading compiled-in X.509 certificates
[    5.745176] Loaded X.509 cert 'Build time autogenerated kernel key: cf00e047681d67edb2720680708b7d9498083038'
[    5.830035] zswap: loaded using pool lzo/zbud
[    5.850822] input: AT Translated Set 2 keyboard as /devices/platform/i8042/serio0/input/input2
[    5.911336] Key type trusted registered
[    5.995771] Key type encrypted registered
[    6.011048] AppArmor: AppArmor sha1 policy hashing enabled
[    6.029606] ima: No TPM chip found, activating TPM-bypass!
[    6.044369] ima: Allocated hash algorithm: sha1
[    6.057692] evm: HMAC attrs: 0x1
[    6.071482]   Magic number: 8:301:225
[    6.083045] rtc_cmos rtc_cmos: setting system clock to 2024-01-28 10:14:59 UTC (1706436899)
[    6.105894] BIOS EDD facility v0.16 2004-Jun-25, 0 devices found
[    6.125917] EDD information not available.
[    6.143956] Freeing unused kernel memory: 1492K
[    6.168928] Write protecting the kernel read-only data: 14336k
[    6.188928] Freeing unused kernel memory: 1584K
[    6.201849] Freeing unused kernel memory: 52K
Loading, please wait...
starting version 229
[    6.308575] random: systemd-udevd: uninitialized urandom read (16 bytes read, 12 bits of entropy available)
[    6.311324] random: udevadm: uninitialized urandom read (16 bytes read, 12 bits of entropy available)
[    6.311377] random: udevadm: uninitialized urandom read (16 bytes read, 12 bits of entropy available)
[    6.364426] random: udevadm: uninitialized urandom read (16 bytes read, 12 bits of entropy available)
[    6.364426] random: udevadm: uninitialized urandom read (16 bytes read, 12 bits of entropy available)
[    6.364426] random: udevadm: uninitialized urandom read (16 bytes read, 12 bits of entropy available)
[    6.364426] random: udevadm: uninitialized urandom read (16 bytes read, 12 bits of entropy available)
[    6.364426] random: udevadm: uninitialized urandom read (16 bytes read, 12 bits of entropy available)
[    6.364426] random: udevadm: uninitialized urandom read (16 bytes read, 12 bits of entropy available)
[    6.364426] random: udevadm: uninitialized urandom read (16 bytes read, 12 bits of entropy available)
[    7.217191] e1000: Intel(R) PRO/1000 Network Driver - version 7.3.21-k8-NAPI
[    7.235274] e1000: Copyright (c) 1999-2006 Intel Corporation.
[    7.444613] Fusion MPT base driver 3.04.20
[    7.465431] Copyright (c) 1999-2008 LSI Corporation
[    7.726162] SSE version of gcm_enc/dec engaged.
[    7.769503] Fusion MPT SPI Host driver 3.04.20
[    7.965246] input: ImExPS/2 Generic Explorer Mouse as /devices/platform/i8042/serio1/input/input4
[    9.580827] e1000 0000:00:03.0 eth0: (PCI:33MHz:32-bit) 02:be:82:6b:cc:1d
[    9.593579] e1000 0000:00:03.0 eth0: Intel(R) PRO/1000 Network Connection
[    9.660716] mptbase: ioc0: Initiating bringup
[    9.835652] ioc0: LSI53C1030 A0: Capabilities={Initiator}
[   10.545305] scsi host2: ioc0: LSI53C1030 A0, FwRev=00000000h, Ports=1, MaxQ=256, IRQ=20
[   10.714143] scsi 2:0:0:0: Direct-Access     VBOX     HARDDISK         1.0  PQ: 0 ANSI: 5
[   10.728039] scsi target2:0:0: Beginning Domain Validation
[   10.787945] scsi target2:0:0: Domain Validation skipping write tests
[   10.798467] scsi target2:0:0: Ending Domain Validation
[   10.812938] scsi target2:0:0: asynchronous
[   10.830422] scsi 2:0:1:0: Direct-Access     VBOX     HARDDISK         1.0  PQ: 0 ANSI: 5
[   10.845129] scsi target2:0:1: Beginning Domain Validation
[   10.873749] scsi target2:0:1: Domain Validation skipping write tests
[   10.894165] scsi target2:0:1: Ending Domain Validation
[   10.904424] scsi target2:0:1: asynchronous
[   10.942355] sd 2:0:0:0: Attached scsi generic sg0 type 0
[   10.956223] sd 2:0:1:0: Attached scsi generic sg1 type 0
[   10.979423] sd 2:0:1:0: [sdb] 20480 512-byte logical blocks: (10.5 MB/10.0 MiB)
[   10.979722] sd 2:0:0:0: [sda] 83886080 512-byte logical blocks: (42.9 GB/40.0 GiB)
[   11.013801] sd 2:0:1:0: [sdb] Write Protect is off
[   11.113486] sd 2:0:0:0: [sda] Write Protect is off
[   11.124576] sd 2:0:0:0: [sda] Incomplete mode parameter data
[   11.135929] sd 2:0:0:0: [sda] Assuming drive cache: write through
[   11.148955] sd 2:0:1:0: [sdb] Incomplete mode parameter data
[   11.165653] sd 2:0:1:0: [sdb] Assuming drive cache: write through
[   11.198998]  sda: sda1
[   11.246077] sd 2:0:0:0: [sda] Attached SCSI disk
[   11.283706] sd 2:0:1:0: [sdb] Attached SCSI disk
[   12.013233] e1000 0000:00:08.0 eth1: (PCI:33MHz:32-bit) 08:00:27:17:49:74
[   12.023949] e1000 0000:00:08.0 eth1: Intel(R) PRO/1000 Network Connection
[   12.039809] e1000 0000:00:03.0 enp0s3: renamed from eth0
[   12.067000] e1000 0000:00:08.0 enp0s8: renamed from eth1
Begin: Loading essential drivers ... [   14.166523] md: linear personality registered for level -1
[   14.185262] md: multipath personality registered for level -4
[   14.204583] md: raid0 personality registered for level 0
[   14.250458] md: raid1 personality registered for level 1
[   14.340926] raid6: sse2x1   gen()  5035 MB/s
[   14.416277] raid6: sse2x1   xor()  3769 MB/s
[   14.492766] raid6: sse2x2   gen()  6774 MB/s
[   14.568274] raid6: sse2x2   xor()  4494 MB/s
[   14.640339] raid6: sse2x4   gen()  8185 MB/s
[   14.716419] raid6: sse2x4   xor()  2710 MB/s
[   14.726624] raid6: using algorithm sse2x4 gen() 8185 MB/s
[   14.740907] raid6: .... xor() 2710 MB/s, rmw enabled
[   14.758485] raid6: using ssse3x2 recovery algorithm
[   14.772683] xor: measuring software checksum speed
[   14.820532]    prefetch64-sse: 12096.000 MB/sec
[   14.868503]    generic_sse: 10166.000 MB/sec
[   14.876445] xor: using function: prefetch64-sse (12096.000 MB/sec)
[   14.892153] async_tx: api initialized (async)
[   14.983742] md: raid6 personality registered for level 6
[   14.993391] md: raid5 personality registered for level 5
[   15.002919] md: raid4 personality registered for level 4
[   15.051284] md: raid10 personality registered for level 10
done.
Begin: Running /scripts/init-premount ... done.
Begin: Mounting root file system ... Begin: Running /scripts/local-top ... done.
Begin: Running /scripts/local-premount ... [   15.230886] Btrfs loaded
Scanning for Btrfs filesystems
done.
Warning: fsck not present, so skipping root file system
[   15.360950] EXT4-fs (sda1): mounted filesystem with ordered data mode. Opts: (null)
done.
Begin: Running /scripts/local-bottom ... done.
Begin: Running /scripts/init-bottom ... done.
[   15.958797] systemd[1]: systemd 229 running in system mode. (+PAM +AUDIT +SELINUX +IMA +APPARMOR +SMACK +SYSVINIT +UTMP +LIBCRYPTSETUP +GCRYPT +GNUTLS +ACL +XZ -LZ4 +SECCOMP +BLKID +ELFUTILS +KMOD -IDN)
[   15.986067] systemd[1]: Detected virtualization oracle.
[   15.995468] systemd[1]: Detected architecture x86-64.

Welcome to [1mUbuntu 16.04.7 LTS[0m!

[   16.036965] systemd[1]: Set hostname to <ubuntu>.
[   16.046283] random: nonblocking pool is initialized
[   16.064598] systemd[1]: Initializing machine ID from random generator.
[   16.075809] systemd[1]: Installed transient /etc/machine-id file.
[   16.498722] systemd[1]: Set up automount Arbitrary Executable File Formats File System Automount Point.
[[0;32m  OK  [0m] Set up automount Arbitrary Executab...ats File System Automount Point.
[   16.523036] systemd[1]: Reached target System Time Synchronized.
[[0;32m  OK  [0m] Reached target System Time Synchronized.
[   16.542053] systemd[1]: Started Forward Password Requests to Wall Directory Watch.
[[0;32m  OK  [0m] Started Forward Password Requests to Wall Directory Watch.
[   16.563993] systemd[1]: Started Trigger resolvconf update for networkd DNS.
[[0;32m  OK  [0m] Started Trigger resolvconf update for networkd DNS.
[   16.585892] systemd[1]: Listening on LVM2 metadata daemon socket.
[[0;32m  OK  [0m] Listening on LVM2 metadata daemon socket.
[   16.605784] systemd[1]: Created slice System Slice.
[[0;32m  OK  [0m] Created slice System Slice.
[   16.621956] systemd[1]: Listening on Journal Socket (/dev/log).
[[0;32m  OK  [0m] Listening on Journal Socket (/dev/log).
[   16.641845] systemd[1]: Created slice system-serial\x2dgetty.slice.
[[0;32m  OK  [0m] Created slice system-serial\x2dgetty.slice.
[   16.660967] systemd[1]: Listening on Journal Audit Socket.
[[0;32m  OK  [0m] Listening on Journal Audit Socket.
[   16.678606] systemd[1]: Reached target Swap.
[[0;32m  OK  [0m] Reached target Swap.
[   16.694361] systemd[1]: Listening on LVM2 poll daemon socket.
[[0;32m  OK  [0m] Listening on LVM2 poll daemon socket.
[   16.713068] systemd[1]: Listening on Journal Socket.
[[0;32m  OK  [0m] Listening on Journal Socket.
[   16.740329] systemd[1]: Mounting Huge Pages File System...
         Mounting Huge Pages File System...
[   16.760673] systemd[1]: Starting Nameserver information manager...
         Starting Nameserver information manager...
[   16.790627] systemd[1]: Starting Load Kernel Modules...
         Starting Load Kernel Modules...
[   16.836429] systemd[1]: Starting Create list of required static device nodes for the current kernel...
[   16.857017] Loading iSCSI transport class v2.0-870.
         Starting Create list of required st... nodes for the current kernel...
[   16.888996] systemd[1]: Starting Set console keymap...
[   16.901331] iscsi: registered transport (tcp)
         Starting Set console keymap...
[   16.926980] systemd[1]: Reached target User and Group Name Lookups.
[[0;32m  OK  [0m] Reached target User and Group Name Lookups.
[   16.985790] systemd[1]: Starting Uncomplicated firewall...
         Starting Uncomplicated firewall...
[   17.026846] systemd[1]: Mounting Debug File System...
         Mounting Debug File System...
[   17.056862] systemd[1]: Listening on udev Control Socket.
[[0;32m  OK  [0m] Listening on udev Control Socket.
[   17.081143] systemd[1]: Listening on Device-mapper event daemon FIFOs.
[[0;32m  OK  [0m] Listening on Device-mapper event daemon FIFOs.
[   17.105557] systemd[1]: Listening on Syslog Socket.
[[0;32m  OK  [0m] Listening on Syslog Socket.
[   17.126094] systemd[1]: Listening on /dev/initctl Compatibility Named Pipe.
[[0;32m  OK  [0m] Listening on /dev/initctl Compatibility Named Pipe.
[   17.151626] systemd[1]: Listening on fsck to fsckd communication Socket.
[   17.166757] iscsi: registered transport (iser)
[[0;32m  OK  [0m] Listening on fsck to fsckd communication Socket.
[   17.192578] systemd[1]: Starting File System Check on Root Device...
         Starting File System Check on Root Device...
[   17.218486] systemd[1]: Starting Monitoring of LVM2 mirrors, snapshots etc. using dmeventd or progress polling...
         Starting Monitoring of LVM2 mirrors... dmeventd or progress polling...
[   17.255290] systemd[1]: Listening on udev Kernel Socket.
[[0;32m  OK  [0m] Listening on udev Kernel Socket.
[   17.304489] systemd[1]: Starting Journal Service...
         Starting Journal Service...
[   17.325408] systemd[1]: Created slice User and Session Slice.
[[0;32m  OK  [0m] Created slice User and Session Slice.
[   17.348546] systemd[1]: Reached target Slices.
[[0;32m  OK  [0m] Reached target Slices.
[   17.366174] systemd[1]: Mounting POSIX Message Queue File System...
         Mounting POSIX Message Queue File System...
[   17.385521] systemd[1]: Reached target Encrypted Volumes.
[[0;32m  OK  [0m] Reached target Encrypted Volumes.
[   17.408979] systemd[1]: Mounted Huge Pages File System.
[[0;32m  OK  [0m] Mounted Huge Pages File System.
[   17.440456] systemd[1]: Mounted POSIX Message Queue File System.
[[0;32m  OK  [0m] Mounted POSIX Message Queue File System.
[   17.472878] systemd[1]: Mounted Debug File System.
[[0;32m  OK  [0m] Mounted Debug File System.
[   17.506019] systemd[1]: Started Journal Service.
[[0;32m  OK  [0m] Started Journal Service.
[[0;32m  OK  [0m] Started Load Kernel Modules.
[[0;32m  OK  [0m] Started Create list of required sta...ce nodes for the current kernel.
[[0;32m  OK  [0m] Started Set console keymap.
[[0;32m  OK  [0m] Started Uncomplicated firewall.
[[0;32m  OK  [0m] Started File System Check on Root Device.
[[0;32m  OK  [0m] Started Nameserver information manager.
[[0;32m  OK  [0m] Started LVM2 metadata daemon.
[[0;32m  OK  [0m] Started File System Check Daemon to report status.
         Starting Remount Root and Kernel File Systems...
         Starting Create Static Device Nodes in /dev...
[   17.831273] EXT4-fs (sda1): re-mounted. Opts: (null)
         Starting Apply Kernel Variables...
         Mounting FUSE Control File System...
[[0;32m  OK  [0m] Started Remount Root and Kernel File Systems.
[[0;32m  OK  [0m] Mounted FUSE Control File System.
         Starting udev Coldplug all Devices...
         Starting Load/Save Random Seed...
         Starting Flush Journal to Persistent Storage...
[[0;32m  OK  [0m] Started Create Static Device Nodes in /dev.
[[0;32m  OK  [0m] Started Apply Kernel Variables.
[[0;32m  OK  [0m] Started Load/Save Random Seed.
         Starting udev Kernel Device Manager...
[[0;32m  OK  [0m] Started Flush Journal to Persistent Storage.
[[0;32m  OK  [0m] Started Monitoring of LVM2 mirrors,...ng dmeventd or progress polling.
[[0;32m  OK  [0m] Reached target Local File Systems (Pre).
[[0;32m  OK  [0m] Reached target Local File Systems.
         Starting Create Volatile Files and Directories...
         Starting Initial cloud-init job (pre-networking)...
         Starting Commit a transient machine-id on disk...
         Starting Set console font and keymap...
         Starting LSB: AppArmor initialization...
         Starting Tell Plymouth To Write Out Runtime Data...
[[0;32m  OK  [0m] Started Commit a transient machine-id on disk.
[[0;32m  OK  [0m] Started Tell Plymouth To Write Out Runtime Data.
[[0;32m  OK  [0m] Started udev Kernel Device Manager.
[[0;32m  OK  [0m] Started udev Coldplug all Devices.
[[0;32m  OK  [0m] Started Dispatch Password Requests to Console Directory Watch.
[[0;32m  OK  [0m] Started Create Volatile Files and Directories.
         Starting Update UTMP about System Boot/Shutdown...
[[0;32m  OK  [0m] Started Update UTMP about System Boot/Shutdown.
[[0;32m  OK  [0m] Found device /dev/ttyS0.
[[0;32m  OK  [0m] Listening on Load/Save RF Kill Switch Status /dev/rfkill Watch.
[[0;32m  OK  [0m] Started Set console font and keymap.
[[0;32m  OK  [0m] Created slice system-getty.slice.
[[0;32m  OK  [0m] Started LSB: AppArmor initialization.
         Starting Load AppArmor profiles managed internally by snapd...
[[0;32m  OK  [0m] Started Load AppArmor profiles managed internally by snapd.
[   26.169544] cloud-init[479]: Cloud-init v. 21.1-19-gbad84ad4-0ubuntu1~16.04.2 running 'init-local' at Sun, 28 Jan 2024 10:15:18 +0000. Up 24.69 seconds.
[[0;32m  OK  [0m] Started Initial cloud-init job (pre-networking).
[[0;32m  OK  [0m] Reached target Network (Pre).
         Starting Raise network interfaces...
[[0;32m  OK  [0m] Started Raise network interfaces.
[[0;32m  OK  [0m] Reached target Network.
         Starting Initial cloud-init job (metadata service crawler)...
[   29.000803] cloud-init[958]: Cloud-init v. 21.1-19-gbad84ad4-0ubuntu1~16.04.2 running 'init' at Sun, 28 Jan 2024 10:15:21 +0000. Up 27.62 seconds.
[   29.011403] cloud-init[958]: ci-info: ++++++++++++++++++++++++++++++++++++++Net device info+++++++++++++++++++++++++++++++++++++++
[   29.022548] cloud-init[958]: ci-info: +--------+-------+----------------------------+---------------+--------+-------------------+
[   29.032117] cloud-init[958]: ci-info: | Device |   Up  |          Address           |      Mask     | Scope  |     Hw-Address    |
[   29.042284] cloud-init[958]: ci-info: +--------+-------+----------------------------+---------------+--------+-------------------+
[   29.052053] cloud-init[958]: ci-info: | enp0s3 |  True |         10.0.2.15          | 255.255.255.0 | global | 02:be:82:6b:cc:1d |
[   29.062106] cloud-init[958]: ci-info: | enp0s3 |  True | fe80::be:82ff:fe6b:cc1d/64 |       .       |  link  | 02:be:82:6b:cc:1d |
[   29.072288] cloud-init[958]: ci-info: | enp0s8 | False |             .              |       .       |   .    | 08:00:27:17:49:74 |
[   29.082378] cloud-init[958]: ci-info: |   lo   |  True |         127.0.0.1          |   255.0.0.0   |  host  |         .         |
[   29.093841] cloud-init[958]: ci-info: |   lo   |  True |          ::1/128           |       .       |  host  |         .         |
[   29.103880] cloud-init[958]: ci-info: +--------+-------+----------------------------+---------------+--------+-------------------+
[   29.113587] cloud-init[958]: ci-info: +++++++++++++++++++++++++++Route IPv4 info++++++++++++++++++++++++++++
[   29.122819] cloud-init[958]: ci-info: +-------+-------------+----------+---------------+-----------+-------+
[   29.131622] cloud-init[958]: ci-info: | Route | Destination | Gateway  |    Genmask    | Interface | Flags |
[   29.140789] cloud-init[958]: ci-info: +-------+-------------+----------+---------------+-----------+-------+
[   29.153706] cloud-init[958]: ci-info: |   0   |   0.0.0.0   | 10.0.2.2 |    0.0.0.0    |   enp0s3  |   UG  |
[   29.166884] cloud-init[958]: ci-info: |   1   |   10.0.2.0  | 0.0.0.0  | 255.255.255.0 |   enp0s3  |   U   |
[   29.182476] cloud-init[958]: ci-info: +-------+-------------+----------+---------------+-----------+-------+
[   29.196840] cloud-init[958]: ci-info: +++++++++++++++++++Route IPv6 info+++++++++++++++++++
[   29.211015] cloud-init[958]: ci-info: +-------+-------------+---------+-----------+-------+
[   29.223426] cloud-init[958]: ci-info: | Route | Destination | Gateway | Interface | Flags |
[   29.236888] cloud-init[958]: ci-info: +-------+-------------+---------+-----------+-------+
[   29.248838] cloud-init[958]: ci-info: |   0   |  fe80::/64  |    ::   |   enp0s3  |   U   |
[   29.262720] cloud-init[958]: ci-info: |   3   |   ff00::/8  |    ::   |   enp0s3  |   U   |
[   29.274719] cloud-init[958]: ci-info: +-------+-------------+---------+-----------+-------+
[   29.286429] cloud-init[958]: Generating public/private rsa key pair.
[   29.300879] cloud-init[958]: Your identification has been saved in /etc/ssh/ssh_host_rsa_key.
[   29.313186] cloud-init[958]: Your public key has been saved in /etc/ssh/ssh_host_rsa_key.pub.
[   29.326570] cloud-init[958]: The key fingerprint is:
[   29.336340] cloud-init[958]: SHA256:S8lnZD6CcEi2+v9pQp2aGL+2o4ihpup4RB67Cz0R4BM root@ubuntu-xenial
[   29.350180] cloud-init[958]: The key's randomart image is:
[   29.359083] cloud-init[958]: +---[RSA 2048]----+
[   29.368249] cloud-init[958]: |.E  o            |
[   29.372325] cloud-init[958]: |...o o           |
[   29.372529] cloud-init[958]: | o. + .   o      |
[   29.373550] cloud-init[958]: |  +o o o =       |
[   29.374498] cloud-init[958]: | ooo  ..S.=      |
[   29.375467] cloud-init[958]: | .+o. ..o= .     |
[   29.377386] cloud-init[958]: |o.o..= o.        |
[   29.378341] cloud-init[958]: |o=oo..B ..       |
[   29.379271] cloud-init[958]: |@oo..o+Bo        |
[   29.380928] cloud-init[958]: +----[SHA256]-----+
[   29.381696] cloud-init[958]: Generating public/private dsa key pair.
[   29.382703] cloud-init[958]: Your identification has been saved in /etc/ssh/ssh_host_dsa_key.
[   29.382885] cloud-init[958]: Your public key has been saved in /etc/ssh/ssh_host_dsa_key.pub.
[   29.383062] cloud-init[958]: The key fingerprint is:
[   29.385558] cloud-init[958]: SHA256:aoSWZmJhixXeWbiHqlc53e3qSFjNUmjRKNYu1L126Kc root@ubuntu-xenial
[   29.386347] cloud-init[958]: The key's randomart image is:
[   29.387231] cloud-init[958]: +---[DSA 1024]----+
[   29.389101] cloud-init[958]: |  .  +o+         |
[   29.389844] cloud-init[958]: | . o=o+oo        |
[   29.390593] cloud-init[958]: |  =oo=o .o       |
[   29.391321] cloud-init[958]: | + o++o++ .      |
[   29.393376] cloud-init[958]: |. +.*=++So       |
[   29.394229] cloud-init[958]: | ..=++.oo o      |
[   29.395124] cloud-init[958]: | . ...+  +       |
[   29.397064] cloud-init[958]: |. .  o .E .      |
[   29.398083] cloud-init[958]: | .    ..o.       |
[   29.398817] cloud-init[958]: +----[SHA256]-----+
[   29.401538] cloud-init[958]: Generating public/private ecdsa key pair.
[   29.402325] cloud-init[958]: Your identification has been saved in /etc/ssh/ssh_host_ecdsa_key.
[   29.403155] cloud-init[958]: Your public key has been saved in /etc/ssh/ssh_host_ecdsa_key.pub.
[   29.404005] cloud-init[958]: The key fingerprint is:
[   29.406110] cloud-init[958]: SHA256:XqkU+bOtXS2INVGs7atLXtBZrV/FonDK+2vVVwjJWCg root@ubuntu-xenial
[   29.406934] cloud-init[958]: The key's randomart image is:
[   29.407738] cloud-init[958]: +---[ECDSA 256]---+
[   29.409476] cloud-init[958]: |           =.o.  |
[   29.410350] cloud-init[958]: |        E.o +....|
[   29.411163] cloud-init[958]: |        o.. o+..=|
[   29.412047] cloud-init[958]: |         + =.+o=o|
[   29.413852] cloud-init[958]: |        S B =.+.o|
[   29.414717] cloud-init[958]: |       o o B +oo+|
[   29.415583] cloud-init[958]: |        o + +.+.+|
[   29.417280] cloud-init[958]: |           *.o.. |
[   29.418162] cloud-init[958]: |          ..B+   |
[   29.418959] cloud-init[958]: +----[SHA256]-----+
[   29.419777] cloud-init[958]: Generating public/private ed25519 key pair.
[   29.421492] cloud-init[958]: Your identification has been saved in /etc/ssh/ssh_host_ed25519_key.
[   29.422300] cloud-init[958]: Your public key has been saved in /etc/ssh/ssh_host_ed25519_key.pub.
[   29.423122] cloud-init[958]: The key fingerprint is:
[   29.423942] cloud-init[958]: SHA256:W30iVHXmALamSJccJZhL+w0cS2q6Q6hUraCPj2k7aTs root@ubuntu-xenial
[   29.426041] cloud-init[958]: The key's randomart image is:
[   29.426841] cloud-init[958]: +--[ED25519 256]--+
[   29.427681] cloud-init[958]: |         oo.=oo o|
[   29.429449] cloud-init[958]: |        +.o* . = |
[   29.430295] cloud-init[958]: |     . ..*=oo   .|
[   29.431094] cloud-init[958]: |  . . ..=+++     |
[   29.432187] cloud-init[958]: | . o o oS.+oo .  |
[   29.432863] cloud-init[958]: |. . o o  o...o   |
[   29.433667] cloud-init[958]: | +.. . ..        |
[   29.434527] cloud-init[958]: |.Eo   o          |
[   29.435310] cloud-init[958]: |=+*    .         |
[   29.436436] cloud-init[958]: +----[SHA256]-----+
[[0;32m  OK  [0m] Started Initial cloud-init job (metadata service crawler).
[[0;32m  OK  [0m] Reached target Network is Online.
         Starting iSCSI initiator daemon (iscsid)...
[[0;32m  OK  [0m] Reached target Cloud-config availability.
[[0;32m  OK  [0m] Reached target System Initialization.
[[0;32m  OK  [0m] Started Message of the Day.
[[0;32m  OK  [0m] Listening on ACPID Listen Socket.
         Starting LXD - unix socket.
[[0;32m  OK  [0m] Started Daily Cleanup of Temporary Directories.
[[0;32m  OK  [0m] Listening on UUID daemon activation socket.
[[0;32m  OK  [0m] Listening on D-Bus System Message Bus Socket.
         Starting Socket activation for snappy daemon.
[[0;32m  OK  [0m] Started Ubuntu Advantage update messaging.
[[0;32m  OK  [0m] Started Daily apt download activities.
[[0;32m  OK  [0m] Started Daily apt upgrade and clean activities.
[[0;32m  OK  [0m] Reached target Timers.
[[0;32m  OK  [0m] Started ACPI Events Check.
[[0;32m  OK  [0m] Reached target Paths.
[[0;32m  OK  [0m] Listening on LXD - unix socket.
[[0;32m  OK  [0m] Listening on Socket activation for snappy daemon.
[[0;32m  OK  [0m] Started iSCSI initiator daemon (iscsid).
         Starting Login to default iSCSI targets...
[[0;32m  OK  [0m] Reached target Sockets.
[[0;32m  OK  [0m] Reached target Basic System.
[[0;32m  OK  [0m] Started ACPI event daemon.
         Starting LXD - container startup/shutdown...
         Starting Pollinate to seed the pseudo random number generator...
         Starting System Logging Service...
         Starting Snap Daemon...
         Starting LSB: MD monitoring daemon...
[[0;32m  OK  [0m] Started FUSE filesystem for LXC.
         Starting /etc/rc.local Compatibility...
[[0;32m  OK  [0m] Started Regular background program processing daemon.
[[0;32m  OK  [0m] Started D-Bus System Message Bus.
[[0;32m  OK  [0m] Started Deferred execution scheduler.
         Starting Virtualbox guest utils...
         Starting Login Service...
         Starting Accounts Service...
         Starting LSB: Record successful boot for GRUB...
[[0;32m  OK  [0m] Started System Logging Service.
[[0;32m  OK  [0m] Started LXD - container startup/shutdown.
[[0;32m  OK  [0m] Started /etc/rc.local Compatibility.
[[0;32m  OK  [0m] Started Login Service.
[[0;32m  OK  [0m] Started LSB: Record successful boot for GRUB.
[[0;32m  OK  [0m] Started Login to default iSCSI targets.
[[0;32m  OK  [0m] Reached target Remote File Systems (Pre).
[[0;32m  OK  [0m] Reached target Remote File Systems.
         Starting LSB: daemon to balance interrupts for SMP systems...
         Starting Permit User Sessions...
         Starting LSB: automatic crash report generation...
         Starting LSB: Set the CPU Frequency Scaling governor to "ondemand"...
[[0;32m  OK  [0m] Started Unattended Upgrades Shutdown.
[[0;32m  OK  [0m] Started LSB: MD monitoring daemon.
[[0;32m  OK  [0m] Started Permit User Sessions.
         Starting Authenticate and Authorize Users to Run Privileged Tasks...
         Starting Hold until boot process finishes up...
         Starting Terminate Plymouth Boot Screen...
[[0;32m  OK  [0m] Started Hold until boot process finishes up.
[[0;32m  OK  [0m] Started Terminate Plymouth Boot Screen.
         Starting Set console scheme...
[[0;32m  OK  [0m] Started Getty on tty1.
[[0;32m  OK  [0m] Started Serial Getty on ttyS0.
[[0;32m  OK  [0m] Reached target Login Prompts.
[[0;32m  OK  [0m] Started LSB: daemon to balance interrupts for SMP systems.
[[0;32m  OK  [0m] Started LSB: automatic crash report generation.
[[0;32m  OK  [0m] Started LSB: Set the CPU Frequency Scaling governor to "ondemand".
[[0;32m  OK  [0m] Started Set console scheme.
[[0;32m  OK  [0m] Started Authenticate and Authorize Users to Run Privileged Tasks.
[[0;32m  OK  [0m] Started Accounts Service.
[[0;32m  OK  [0m] Started Virtualbox guest utils.
[[0;32m  OK  [0m] Started Snap Daemon.
         Starting Wait until snapd is fully seeded...

Ubuntu 16.04.7 LTS ubuntu-xenial ttyS0

ubuntu-xenial login: [   73.897276] cloud-init[1858]: Generating locales (this might take a while)...
[   75.841747] cloud-init[1858]:   en_US.UTF-8... done
[   75.844199] cloud-init[1858]: Generation complete.
[   76.472771] cloud-init[1858]: Cloud-init v. 21.1-19-gbad84ad4-0ubuntu1~16.04.2 running 'modules:config' at Sun, 28 Jan 2024 10:16:07 +0000. Up 73.65 seconds.
ci-info: no authorized SSH keys fingerprints found for user ubuntu.
<14>Jan 28 10:16:10 ec2: 
<14>Jan 28 10:16:10 ec2: #############################################################
<14>Jan 28 10:16:10 ec2: -----BEGIN SSH HOST KEY FINGERPRINTS-----
<14>Jan 28 10:16:10 ec2: 1024 SHA256:aoSWZmJhixXeWbiHqlc53e3qSFjNUmjRKNYu1L126Kc root@ubuntu-xenial (DSA)
<14>Jan 28 10:16:10 ec2: 256 SHA256:XqkU+bOtXS2INVGs7atLXtBZrV/FonDK+2vVVwjJWCg root@ubuntu-xenial (ECDSA)
<14>Jan 28 10:16:10 ec2: 256 SHA256:W30iVHXmALamSJccJZhL+w0cS2q6Q6hUraCPj2k7aTs root@ubuntu-xenial (ED25519)
<14>Jan 28 10:16:10 ec2: 2048 SHA256:S8lnZD6CcEi2+v9pQp2aGL+2o4ihpup4RB67Cz0R4BM root@ubuntu-xenial (RSA)
<14>Jan 28 10:16:10 ec2: -----END SSH HOST KEY FINGERPRINTS-----
<14>Jan 28 10:16:10 ec2: #############################################################
-----BEGIN SSH HOST KEY KEYS-----
ecdsa-sha2-nistp256 AAAAE2VjZHNhLXNoYTItbmlzdHAyNTYAAAAIbmlzdHAyNTYAAABBBLrYiXp6pk/lUziw2qVMS/LcupB7cDuviF3/cvoZHupWpstyHne0sKrmdCksxCsGSrc5D726meEY1rQNwoa6B/g= root@ubuntu-xenial
ssh-ed25519 AAAAC3NzaC1lZDI1NTE5AAAAIBOx+186JY7TxXa29OoReu+2N7Ahnq456++yktWD57fw root@ubuntu-xenial
ssh-rsa AAAAB3NzaC1yc2EAAAADAQABAAABAQDNn/qiNQ4vUnmSuVJSE0evUbnrJ2tKzawA5VknuRCEkjxTByGR5p/M5nfjaF1Q+4bDZRHwNGCctPjlKkoRwGzfpw1QChk5puDhH45P96liiN1JNDkaKJhjw1LAidZxMICCyMYdF+A/KeIKrWZ+8YH2tXYevTw3FpQFBSfqBJY32/UPs35as9NiRoUplA7Q02pRt8bw9spnbHOUz2YeRIp8aUTItAFHDhnaXtJhnoaxUtF/iNa7MUNtyly4bdpYFExkrbK3zdRnEuQOAN4Ib2xt4CO6jh8gUWpaMS+Y4D6i/YzOE6DyKK/H8vbWsKpNSk/BeqGilRvy+m0ghZkBKZK3 root@ubuntu-xenial
-----END SSH HOST KEY KEYS-----
[   77.406257] cloud-init[1900]: Cloud-init v. 21.1-19-gbad84ad4-0ubuntu1~16.04.2 running 'modules:final' at Sun, 28 Jan 2024 10:16:10 +0000. Up 77.00 seconds.
[   77.419787] cloud-init[1900]: ci-info: no authorized SSH keys fingerprints found for user ubuntu.
[   77.429829] cloud-init[1900]: Cloud-init v. 21.1-19-gbad84ad4-0ubuntu1~16.04.2 finished at Sun, 28 Jan 2024 10:16:10 +0000. Datasource DataSourceNoCloud [seed=/dev/sdb][dsmode=net].  Up 77.35 seconds
