[    0.000000] Initializing cgroup subsys cpuset
[    0.000000] Initializing cgroup subsys cpu
[    0.000000] Initializing cgroup subsys cpuacct
[    0.000000] Linux version 4.4.0-210-generic (buildd@lgw01-amd64-009) (gcc version 5.4.0 20160609 (Ubuntu 5.4.0-6ubuntu1~16.04.12) ) #242-Ubuntu SMP Fri Apr 16 09:57:56 UTC 2021 (Ubuntu 4.4.0-210.242-generic 4.4.262)
[    0.000000] Command line: BOOT_IMAGE=/boot/vmlinuz-4.4.0-210-generic root=LABEL=cloudimg-rootfs ro console=tty1 console=ttyS0
[    0.000000] KERNEL supported cpus:
[    0.000000]   Intel GenuineIntel
[    0.000000]   AMD AuthenticAMD
[    0.000000]   Centaur CentaurHauls
[    0.000000] x86/fpu: Legacy x87 FPU detected.
[    0.000000] e820: BIOS-provided physical RAM map:
[    0.000000] BIOS-e820: [mem 0x0000000000000000-0x000000000009fbff] usable
[    0.000000] BIOS-e820: [mem 0x000000000009fc00-0x000000000009ffff] reserved
[    0.000000] BIOS-e820: [mem 0x00000000000f0000-0x00000000000fffff] reserved
[    0.000000] BIOS-e820: [mem 0x0000000000100000-0x000000003ffeffff] usable
[    0.000000] BIOS-e820: [mem 0x000000003fff0000-0x000000003fffffff] ACPI data
[    0.000000] BIOS-e820: [mem 0x00000000fec00000-0x00000000fec00fff] reserved
[    0.000000] BIOS-e820: [mem 0x00000000fee00000-0x00000000fee00fff] reserved
[    0.000000] BIOS-e820: [mem 0x00000000fffc0000-0x00000000ffffffff] reserved
[    0.000000] NX (Execute Disable) protection: active
[    0.000000] SMBIOS 2.5 present.
[    0.000000] Hypervisor detected: KVM
[    0.000000] Kernel/User page tables isolation: disabled
[    0.000000] e820: last_pfn = 0x3fff0 max_arch_pfn = 0x400000000
[    0.000000] MTRR: Disabled
[    0.000000] x86/PAT: MTRRs disabled, skipping PAT initialization too.
[    0.000000] CPU MTRRs all blank - virtualized system.
[    0.000000] x86/PAT: Configuration [0-7]: WB  WT  UC- UC  WB  WT  UC- UC  
[    0.000000] found SMP MP-table at [mem 0x0009fff0-0x0009ffff] mapped at [ffff88000009fff0]
[    0.000000] Scanning 1 areas for low memory corruption
[    0.000000] RAMDISK: [mem 0x362dc000-0x37165fff]
[    0.000000] ACPI: Early table checksum verification disabled
[    0.000000] ACPI: RSDP 0x00000000000E0000 000024 (v02 VBOX  )
[    0.000000] ACPI: XSDT 0x000000003FFF0030 00003C (v01 VBOX   VBOXXSDT 00000001 ASL  00000061)
[    0.000000] ACPI: FACP 0x000000003FFF00F0 0000F4 (v04 VBOX   VBOXFACP 00000001 ASL  00000061)
[    0.000000] ACPI: DSDT 0x000000003FFF0610 002353 (v02 VBOX   VBOXBIOS 00000002 INTL 20100528)
[    0.000000] ACPI: FACS 0x000000003FFF0200 000040
[    0.000000] ACPI: FACS 0x000000003FFF0200 000040
[    0.000000] ACPI: APIC 0x000000003FFF0240 00005C (v02 VBOX   VBOXAPIC 00000001 ASL  00000061)
[    0.000000] ACPI: SSDT 0x000000003FFF02A0 00036C (v01 VBOX   VBOXCPUT 00000002 INTL 20100528)
[    0.000000] No NUMA configuration found
[    0.000000] Faking a node at [mem 0x0000000000000000-0x000000003ffeffff]
[    0.000000] NODE_DATA(0) allocated [mem 0x3ffeb000-0x3ffeffff]
[    0.000000] kvm-clock: Using msrs 4b564d01 and 4b564d00
[    0.000000] kvm-clock: cpu 0, msr 0:3ffe3001, primary cpu clock
[    0.000000] kvm-clock: using sched offset of 4314757918 cycles
[    0.000000] clocksource: kvm-clock: mask: 0xffffffffffffffff max_cycles: 0x1cd42e4dffb, max_idle_ns: 881590591483 ns
[    0.000000] Zone ranges:
[    0.000000]   DMA      [mem 0x0000000000001000-0x0000000000ffffff]
[    0.000000]   DMA32    [mem 0x0000000001000000-0x000000003ffeffff]
[    0.000000]   Normal   empty
[    0.000000]   Device   empty
[    0.000000] Movable zone start for each node
[    0.000000] Early memory node ranges
[    0.000000]   node   0: [mem 0x0000000000001000-0x000000000009efff]
[    0.000000]   node   0: [mem 0x0000000000100000-0x000000003ffeffff]
[    0.000000] Initmem setup node 0 [mem 0x0000000000001000-0x000000003ffeffff]
[    0.000000] ACPI: PM-Timer IO Port: 0x4008
[    0.000000] IOAPIC[0]: apic_id 2, version 32, address 0xfec00000, GSI 0-23
[    0.000000] ACPI: INT_SRC_OVR (bus 0 bus_irq 0 global_irq 2 dfl dfl)
[    0.000000] ACPI: INT_SRC_OVR (bus 0 bus_irq 9 global_irq 9 low level)
[    0.000000] Using ACPI (MADT) for SMP configuration information
[    0.000000] smpboot: Allowing 2 CPUs, 0 hotplug CPUs
[    0.000000] PM: Registered nosave memory: [mem 0x00000000-0x00000fff]
[    0.000000] PM: Registered nosave memory: [mem 0x0009f000-0x0009ffff]
[    0.000000] PM: Registered nosave memory: [mem 0x000a0000-0x000effff]
[    0.000000] PM: Registered nosave memory: [mem 0x000f0000-0x000fffff]
[    0.000000] e820: [mem 0x40000000-0xfebfffff] available for PCI devices
[    0.000000] Booting paravirtualized kernel on KVM
[    0.000000] clocksource: refined-jiffies: mask: 0xffffffff max_cycles: 0xffffffff, max_idle_ns: 7645519600211568 ns
[    0.000000] setup_percpu: NR_CPUS:512 nr_cpumask_bits:512 nr_cpu_ids:2 nr_node_ids:1
[    0.000000] PERCPU: Embedded 33 pages/cpu @ffff88003fc00000 s95192 r8192 d31784 u1048576
[    0.000000] Built 1 zonelists in Node order, mobility grouping on.  Total pages: 257912
[    0.000000] Policy zone: DMA32
[    0.000000] Kernel command line: BOOT_IMAGE=/boot/vmlinuz-4.4.0-210-generic root=LABEL=cloudimg-rootfs ro console=tty1 console=ttyS0
[    0.000000] PID hash table entries: 4096 (order: 3, 32768 bytes)
[    0.000000] Memory: 997792K/1048120K available (8644K kernel code, 1332K rwdata, 4044K rodata, 1492K init, 1164K bss, 50328K reserved, 0K cma-reserved)
[    0.000000] SLUB: HWalign=64, Order=0-3, MinObjects=0, CPUs=2, Nodes=1
[    0.000000] Hierarchical RCU implementation.
[    0.000000] 	Build-time adjustment of leaf fanout to 64.
[    0.000000] 	RCU restricting CPUs from NR_CPUS=512 to nr_cpu_ids=2.
[    0.000000] RCU: Adjusting geometry for rcu_fanout_leaf=64, nr_cpu_ids=2
[    0.000000] NR_IRQS:33024 nr_irqs:440 16
[    0.000000] Console: colour VGA+ 80x25
[    0.000000] console [tty1] enabled
[    0.000000] console [ttyS0] enabled
[    0.000000] tsc: Detected 1094.399 MHz processor
[    0.944102] Calibrating delay loop (skipped) preset value.. 2188.79 BogoMIPS (lpj=4377596)
[    0.957996] pid_max: default: 32768 minimum: 301
[    0.966844] ACPI: Core revision 20150930
[    0.978154] ACPI: 2 ACPI AML tables successfully acquired and loaded
[    0.991646] Security Framework initialized
[    1.001391] Yama: becoming mindful.
[    1.011193] AppArmor: AppArmor initialized
[    1.019247] Dentry cache hash table entries: 131072 (order: 8, 1048576 bytes)
[    1.042444] Inode-cache hash table entries: 65536 (order: 7, 524288 bytes)
[    1.063576] Mount-cache hash table entries: 2048 (order: 2, 16384 bytes)
[    1.076312] Mountpoint-cache hash table entries: 2048 (order: 2, 16384 bytes)
[    1.091853] Initializing cgroup subsys io
[    1.102425] Initializing cgroup subsys memory
[    1.111108] Initializing cgroup subsys devices
[    1.120033] Initializing cgroup subsys freezer
[    1.130474] Initializing cgroup subsys net_cls
[    1.137580] Initializing cgroup subsys perf_event
[    1.149346] Initializing cgroup subsys net_prio
[    1.160387] Initializing cgroup subsys hugetlb
[    1.169395] Initializing cgroup subsys pids
[    1.191588] mce: CPU supports 0 MCE banks
[    1.201532] Last level iTLB entries: 4KB 0, 2MB 0, 4MB 0
[    1.213037] Last level dTLB entries: 4KB 0, 2MB 0, 4MB 0, 1GB 0
[    1.226804] Spectre V1 : Mitigation: usercopy/swapgs barriers and __user pointer sanitization
[    1.246816] Spectre V2 : Mitigation: Enhanced IBRS
[    1.258648] Spectre V2 : Spectre v2 / SpectreRSB mitigation: Filling RSB on context switch
[    1.280417] Speculative Store Bypass: Vulnerable
[    1.393280] Freeing SMP alternatives memory: 36K
[    1.639065] ftrace: allocating 32380 entries in 127 pages
[    3.289283] smpboot: APIC(0) Converting physical 0 to logical package 0
[    3.305160] smpboot: Max logical packages: 1
[    3.339703] ..TIMER: vector=0x30 apic1=0 pin1=2 apic2=-1 pin2=-1
[    3.459401] smpboot: CPU0: Intel(R) Pentium(R) Silver N5030 CPU @ 1.10GHz (family: 0x6, model: 0x7a, stepping: 0x8)
[    3.483988] Performance Events: unsupported p6 CPU model 122 no PMU driver, software events only.
[    3.727852] KVM setup paravirtual spinlock
[    3.740040] x86: Booting SMP configuration:
[    3.747268] .... node  #0, CPUs:      #1
[    3.760657] kvm-clock: cpu 1, msr 0:3ffe3041, secondary cpu clock
[    3.777538] mce: CPU supports 0 MCE banks
[    3.783237] TSC synchronization [CPU#0 -> CPU#1]:
[    3.790773] Measured 47493 cycles TSC warp between CPUs, turning off TSC clock.
[    3.802991] tsc: Marking TSC unstable due to check_tsc_sync_source failed
[    0.953812] x86: Booted up 1 node, 2 CPUs
[    0.956009] smpboot: Total of 2 processors activated (4377.59 BogoMIPS)
[    0.969172] devtmpfs: initialized
[    0.977967] evm: security.selinux
[    0.980010] evm: security.SMACK64
[    0.984005] evm: security.SMACK64EXEC
[    0.988005] evm: security.SMACK64TRANSMUTE
[    0.992006] evm: security.SMACK64MMAP
[    0.996003] evm: security.ima
[    1.000003] evm: security.capability
[    1.008706] clocksource: jiffies: mask: 0xffffffff max_cycles: 0xffffffff, max_idle_ns: 7645041785100000 ns
[    1.012037] futex hash table entries: 512 (order: 3, 32768 bytes)
[    1.016775] pinctrl core: initialized pinctrl subsystem
[    1.020649] RTC time:  6:45:01, date: 02/01/24
[    1.025795] NET: Registered protocol family 16
[    1.040044] cpuidle: using governor ladder
[    1.056041] cpuidle: using governor menu
[    1.060025] PCCT header not found.
[    1.064258] ACPI: bus type PCI registered
[    1.068018] acpiphp: ACPI Hot Plug PCI Controller Driver version: 0.5
[    1.072960] PCI: Using configuration type 1 for base access
[    1.104435] ACPI: Added _OSI(Module Device)
[    1.108013] ACPI: Added _OSI(Processor Device)
[    1.112012] ACPI: Added _OSI(3.0 _SCP Extensions)
[    1.116016] ACPI: Added _OSI(Processor Aggregator Device)
[    1.121902] ACPI: Executed 1 blocks of module-level executable AML code
[    1.138729] ACPI: Interpreter enabled
[    1.140028] ACPI: (supports S0 S5)
[    1.144013] ACPI: Using IOAPIC for interrupt routing
[    1.148615] PCI: Using host bridge windows from ACPI; if necessary, use "pci=nocrs" and report a bug
[    1.166464] ACPI: PCI Root Bridge [PCI0] (domain 0000 [bus 00-ff])
[    1.168013] acpi PNP0A03:00: _OSC: OS supports [ASPM ClockPM Segments MSI]
[    1.173032] acpi PNP0A03:00: _OSC: not requesting OS control; OS requires [ExtendedConfig ASPM ClockPM MSI]
[    1.176033] acpi PNP0A03:00: fail to add MMCONFIG information, can't access extended PCI configuration space under this bridge.
[    1.181143] PCI host bridge to bus 0000:00
[    1.184012] pci_bus 0000:00: root bus resource [io  0x0000-0x0cf7 window]
[    1.188006] pci_bus 0000:00: root bus resource [io  0x0d00-0xffff window]
[    1.192007] pci_bus 0000:00: root bus resource [mem 0x000a0000-0x000bffff window]
[    1.196007] pci_bus 0000:00: root bus resource [mem 0x40000000-0xfdffffff window]
[    1.200012] pci_bus 0000:00: root bus resource [bus 00-ff]
[    1.217021] pci 0000:00:01.1: legacy IDE quirk: reg 0x10: [io  0x01f0-0x01f7]
[    1.220010] pci 0000:00:01.1: legacy IDE quirk: reg 0x14: [io  0x03f6]
[    1.224005] pci 0000:00:01.1: legacy IDE quirk: reg 0x18: [io  0x0170-0x0177]
[    1.228005] pci 0000:00:01.1: legacy IDE quirk: reg 0x1c: [io  0x0376]
[    1.268359] pci 0000:00:07.0: quirk: [io  0x4000-0x403f] claimed by PIIX4 ACPI
[    1.272063] pci 0000:00:07.0: quirk: [io  0x4100-0x410f] claimed by PIIX4 SMB
[    1.293704] ACPI: PCI Interrupt Link [LNKA] (IRQs 5 9 10 *11)
[    1.304715] ACPI: PCI Interrupt Link [LNKB] (IRQs 5 9 *10 11)
[    1.316343] ACPI: PCI Interrupt Link [LNKC] (IRQs 5 *9 10 11)
[    1.326905] ACPI: PCI Interrupt Link [LNKD] (IRQs 5 9 10 *11)
[    1.340473] ACPI: Enabled 2 GPEs in block 00 to 07
[    1.348310] vgaarb: setting as boot device: PCI:0000:00:02.0
[    1.352000] vgaarb: device added: PCI:0000:00:02.0,decodes=io+mem,owns=io+mem,locks=none
[    1.352013] vgaarb: loaded
[    1.356016] vgaarb: bridge control possible 0000:00:02.0
[    1.360722] SCSI subsystem initialized
[    1.368266] ACPI: bus type USB registered
[    1.372079] usbcore: registered new interface driver usbfs
[    1.376133] usbcore: registered new interface driver hub
[    1.380041] usbcore: registered new device driver usb
[    1.388548] PCI: Using ACPI for IRQ routing
[    1.393560] NetLabel: Initializing
[    1.396005] NetLabel:  domain hash size = 128
[    1.400015] NetLabel:  protocols = UNLABELED CIPSOv4
[    1.404042] NetLabel:  unlabeled traffic allowed by default
[    1.412476] amd_nb: Cannot enumerate AMD northbridges
[    1.416498] clocksource: Switched to clocksource kvm-clock
[    1.449642] AppArmor: AppArmor Filesystem Enabled
[    1.449642] pnp: PnP ACPI init
[    1.449642] pnp: PnP ACPI: found 3 devices
[    1.633981] clocksource: acpi_pm: mask: 0xffffff max_cycles: 0xffffff, max_idle_ns: 2085701024 ns
[    1.636926] NET: Registered protocol family 2
[    1.658570] TCP established hash table entries: 8192 (order: 4, 65536 bytes)
[    1.661001] TCP bind hash table entries: 8192 (order: 5, 131072 bytes)
[    1.661001] TCP: Hash tables configured (established 8192 bind 8192)
[    1.661001] UDP hash table entries: 512 (order: 2, 16384 bytes)
[    1.661001] UDP-Lite hash table entries: 512 (order: 2, 16384 bytes)
[    1.661001] NET: Registered protocol family 1
[    1.661001] pci 0000:00:00.0: Limiting direct PCI/PCI transfers
[    1.661001] pci 0000:00:01.0: Activating ISA DMA hang workarounds
[    1.661001] Unpacking initramfs...
[    2.274506] Freeing initrd memory: 14888K
[    2.274506] clocksource: tsc: mask: 0xffffffffffffffff max_cycles: 0xfc66e667aa, max_idle_ns: 440795255680 ns
[    2.274506] platform rtc_cmos: registered platform RTC device (no PNP device found)
[    2.274506] Scanning for low memory corruption every 60 seconds
[    2.509788] audit: initializing netlink subsys (disabled)
[    2.523067] audit: type=2000 audit(1706769905.422:1): initialized
[    2.539162] Initialise system trusted keyring
[    2.557635] HugeTLB registered 2 MB page size, pre-allocated 0 pages
[    2.577235] zbud: loaded
[    2.586775] VFS: Disk quotas dquot_6.6.0
[    2.594317] VFS: Dquot-cache hash table entries: 512 (order 0, 4096 bytes)
[    2.598093] squashfs: version 4.0 (2009/01/31) Phillip Lougher
[    2.618770] fuse init (API version 7.23)
[    2.627933] Key type big_key registered
[    2.631469] Allocating IMA MOK and blacklist keyrings.
[    2.673124] Key type asymmetric registered
[    2.681905] Asymmetric key parser 'x509' registered
[    2.693124] Block layer SCSI generic (bsg) driver version 0.4 loaded (major 249)
[    2.706638] io scheduler noop registered
[    2.714953] io scheduler deadline registered (default)
[    2.726229] io scheduler cfq registered
[    2.729937] pci_hotplug: PCI Hot Plug PCI Core version: 0.5
[    2.729937] pciehp: PCI Express Hot Plug Controller Driver version: 0.4
[    2.729937] ACPI: AC Adapter [AC] (off-line)
[    2.729937] input: Power Button as /devices/LNXSYSTM:00/LNXPWRBN:00/input/input0
[    2.729937] ACPI: Power Button [PWRF]
[    2.729937] input: Sleep Button as /devices/LNXSYSTM:00/LNXSLPBN:00/input/input1
[    2.729937] ACPI: Sleep Button [SLPF]
[    2.813233] GHES: HEST is not enabled!
[    2.815714] ACPI: Battery Slot [BAT0] (battery present)
[    2.832405] Serial: 8250/16550 driver, 32 ports, IRQ sharing enabled
[    2.873822] 00:02: ttyS0 at I/O 0x3f8 (irq = 4, base_baud = 115200) is a 16550A
[    2.920514] Linux agpgart interface v0.103
[    2.955278] loop: module loaded
[    2.966642] scsi host0: ata_piix
[    2.975686] scsi host1: ata_piix
[    2.982186] ata1: PATA max UDMA/33 cmd 0x1f0 ctl 0x3f6 bmdma 0xd000 irq 14
[    2.985969] ata2: PATA max UDMA/33 cmd 0x170 ctl 0x376 bmdma 0xd008 irq 15
[    3.005439] libphy: Fixed MDIO Bus: probed
[    3.013200] tun: Universal TUN/TAP device driver, 1.6
[    3.022071] tun: (C) 1999-2004 Max Krasnyansky <maxk@qualcomm.com>
[    3.033803] PPP generic driver version 2.4.2
[    3.042462] ehci_hcd: USB 2.0 'Enhanced' Host Controller (EHCI) Driver
[    3.053052] ehci-pci: EHCI PCI platform driver
[    3.061967] ehci-platform: EHCI generic platform driver
[    3.070553] ohci_hcd: USB 1.1 'Open' Host Controller (OHCI) Driver
[    3.081295] ohci-pci: OHCI PCI platform driver
[    3.089768] ohci-platform: OHCI generic platform driver
[    3.103973] uhci_hcd: USB Universal Host Controller Interface driver
[    3.120337] i8042: PNP: PS/2 Controller [PNP0303:PS2K,PNP0f03:PS2M] at 0x60,0x64 irq 1,12
[    3.146667] serio: i8042 KBD port at 0x60,0x64 irq 1
[    3.161843] serio: i8042 AUX port at 0x60,0x64 irq 12
[    3.222913] mousedev: PS/2 mouse device common for all mice
[    3.271873] rtc_cmos rtc_cmos: rtc core: registered rtc_cmos as rtc0
[    3.285530] input: AT Translated Set 2 keyboard as /devices/platform/i8042/serio0/input/input2
[    3.293672] rtc_cmos rtc_cmos: alarms up to one day, 114 bytes nvram
[    3.293705] i2c /dev entries driver
[    3.293907] device-mapper: uevent: version 1.0.3
[    3.294147] device-mapper: ioctl: 4.34.0-ioctl (2015-10-28) initialised: dm-devel@redhat.com
[    3.294174] ledtrig-cpu: registered to indicate activity on CPUs
[    3.320852] NET: Registered protocol family 10
[    3.325577] NET: Registered protocol family 17
[    3.325597] Key type dns_resolver registered
[    3.326270] registered taskstats version 1
[    3.326285] Loading compiled-in X.509 certificates
[    3.327227] Loaded X.509 cert 'Build time autogenerated kernel key: cf00e047681d67edb2720680708b7d9498083038'
[    3.327250] zswap: loaded using pool lzo/zbud
[    3.365560] Key type trusted registered
[    3.396254] Key type encrypted registered
[    3.396268] AppArmor: AppArmor sha1 policy hashing enabled
[    3.396272] ima: No TPM chip found, activating TPM-bypass!
[    3.396286] ima: Allocated hash algorithm: sha1
[    3.396411] evm: HMAC attrs: 0x1
[    3.401094]   Magic number: 12:917:770
[    3.424272] rtc_cmos rtc_cmos: setting system clock to 2024-02-01 06:45:03 UTC (1706769903)
[    3.428434] BIOS EDD facility v0.16 2004-Jun-25, 0 devices found
[    3.428434] EDD information not available.
[    3.524150] Freeing unused kernel memory: 1492K
[    3.545503] Write protecting the kernel read-only data: 14336k
[    3.561698] Freeing unused kernel memory: 1584K
[    3.575053] Freeing unused kernel memory: 52K
Loading, please wait...
starting version 229
[    3.631702] random: systemd-udevd: uninitialized urandom read (16 bytes read, 11 bits of entropy available)
[    3.632852] random: udevadm: uninitialized urandom read (16 bytes read, 11 bits of entropy available)
[    3.632889] random: udevadm: uninitialized urandom read (16 bytes read, 11 bits of entropy available)
[    3.657894] random: udevadm: uninitialized urandom read (16 bytes read, 11 bits of entropy available)
[    3.657979] random: udevadm: uninitialized urandom read (16 bytes read, 11 bits of entropy available)
[    3.658280] random: udevadm: uninitialized urandom read (16 bytes read, 11 bits of entropy available)
[    3.658409] random: udevadm: uninitialized urandom read (16 bytes read, 11 bits of entropy available)
[    3.658548] random: udevadm: uninitialized urandom read (16 bytes read, 11 bits of entropy available)
[    3.658721] random: udevadm: uninitialized urandom read (16 bytes read, 11 bits of entropy available)
[    3.658811] random: udevadm: uninitialized urandom read (16 bytes read, 11 bits of entropy available)
[    3.915968] Fusion MPT base driver 3.04.20
[    3.923387] Copyright (c) 1999-2008 LSI Corporation
[    3.934851] e1000: Intel(R) PRO/1000 Network Driver - version 7.3.21-k8-NAPI
[    3.947230] e1000: Copyright (c) 1999-2006 Intel Corporation.
[    4.027754] SSE version of gcm_enc/dec engaged.
[    4.059205] Fusion MPT SPI Host driver 3.04.20
[    4.260325] input: ImExPS/2 Generic Explorer Mouse as /devices/platform/i8042/serio1/input/input4
[    5.123786] e1000 0000:00:03.0 eth0: (PCI:33MHz:32-bit) 02:be:82:6b:cc:1d
[    5.134903] e1000 0000:00:03.0 eth0: Intel(R) PRO/1000 Network Connection
[    6.206213] e1000 0000:00:08.0 eth1: (PCI:33MHz:32-bit) 08:00:27:1e:53:4c
[    6.209483] e1000 0000:00:08.0 eth1: Intel(R) PRO/1000 Network Connection
[    6.262298] e1000 0000:00:08.0 enp0s8: renamed from eth1
[    6.287284] mptbase: ioc0: Initiating bringup
[    8.061739] e1000 0000:00:03.0 enp0s3: renamed from eth0
[    8.208251] ioc0: LSI53C1030 A0: Capabilities={Initiator}
[    8.405022] scsi host2: ioc0: LSI53C1030 A0, FwRev=00000000h, Ports=1, MaxQ=256, IRQ=20
[    8.534799] scsi 2:0:0:0: Direct-Access     VBOX     HARDDISK         1.0  PQ: 0 ANSI: 5
[    8.571670] scsi target2:0:0: Beginning Domain Validation
[    8.595359] scsi target2:0:0: Domain Validation skipping write tests
[    8.605813] scsi target2:0:0: Ending Domain Validation
[    8.614383] scsi target2:0:0: asynchronous
[    8.626411] scsi 2:0:1:0: Direct-Access     VBOX     HARDDISK         1.0  PQ: 0 ANSI: 5
[    8.630329] scsi target2:0:1: Beginning Domain Validation
[    8.660579] scsi target2:0:1: Domain Validation skipping write tests
[    8.671240] scsi target2:0:1: Ending Domain Validation
[    8.680308] scsi target2:0:1: asynchronous
[    8.739803] sd 2:0:0:0: Attached scsi generic sg0 type 0
[    8.741414] sd 2:0:0:0: [sda] 83886080 512-byte logical blocks: (42.9 GB/40.0 GiB)
[    8.742610] sd 2:0:0:0: [sda] Write Protect is off
[    8.743350] sd 2:0:0:0: [sda] Incomplete mode parameter data
[    8.743351] sd 2:0:0:0: [sda] Assuming drive cache: write through
[    8.750892]  sda: sda1
[    8.755315] sd 2:0:0:0: [sda] Attached SCSI disk
[    8.810955] sd 2:0:1:0: Attached scsi generic sg1 type 0
[    8.812298] sd 2:0:1:0: [sdb] 20480 512-byte logical blocks: (10.5 MB/10.0 MiB)
[    8.813514] sd 2:0:1:0: [sdb] Write Protect is off
[    8.814328] sd 2:0:1:0: [sdb] Incomplete mode parameter data
[    8.814329] sd 2:0:1:0: [sdb] Assuming drive cache: write through
[    8.826765] sd 2:0:1:0: [sdb] Attached SCSI disk
Begin: Loading essential drivers ... [   11.234232] md: linear personality registered for level -1
[   11.254027] md: multipath personality registered for level -4
[   11.274937] md: raid0 personality registered for level 0
[   11.317128] md: raid1 personality registered for level 1
[   42.544788] raid6: sse2x1   gen() 2513520 MB/s
[   42.629962] raid6: sse2x1   xor()  4080 MB/s
[   42.712560] raid6: sse2x2   gen()  6182 MB/s
[   42.784657] raid6: sse2x2   xor()  3994 MB/s
[   43.553485] raid6: sse2x4   gen() 99285 MB/s
[   43.641869] raid6: sse2x4   xor()  3147 MB/s
[   43.649410] raid6: using algorithm sse2x1 gen() 2513520 MB/s
[   43.658810] raid6: .... xor() 4080 MB/s, rmw enabled
[   43.667507] raid6: using ssse3x2 recovery algorithm
[   43.681439] xor: measuring software checksum speed
[   43.728356]    prefetch64-sse: 10048.000 MB/sec
[   43.777043]    generic_sse:  9756.000 MB/sec
[   43.784356] xor: using function: prefetch64-sse (10048.000 MB/sec)
[   43.800618] async_tx: api initialized (async)
[   43.895371] md: raid6 personality registered for level 6
[   43.906192] md: raid5 personality registered for level 5
[   43.915691] md: raid4 personality registered for level 4
[   43.967279] md: raid10 personality registered for level 10
done.
Begin: Running /scripts/init-premount ... done.
Begin: Mounting root file system ... Begin: Running /scripts/local-top ... done.
Begin: Running /scripts/local-premount ... [   44.133610] Btrfs loaded
Scanning for Btrfs filesystems
done.
Warning: fsck not present, so skipping root file system
[   44.254664] EXT4-fs (sda1): mounted filesystem with ordered data mode. Opts: (null)
done.
Begin: Running /scripts/local-bottom ... done.
Begin: Running /scripts/init-bottom ... done.
[   44.687912] systemd[1]: systemd 229 running in system mode. (+PAM +AUDIT +SELINUX +IMA +APPARMOR +SMACK +SYSVINIT +UTMP +LIBCRYPTSETUP +GCRYPT +GNUTLS +ACL +XZ -LZ4 +SECCOMP +BLKID +ELFUTILS +KMOD -IDN)
[   44.716011] systemd[1]: Detected virtualization oracle.
[   44.719772] systemd[1]: Detected architecture x86-64.

Welcome to [1mUbuntu 16.04.7 LTS[0m!

[   44.756613] systemd[1]: Set hostname to <ubuntu-xenial>.
